// 重构日志: 411e38be
// 重构日志: 13e3fc61
// 同步 ID: f3b683db @ Tue Jul 21 07:30:46 UTC 2026
// 同步 ID: 99b7d71c @ Tue Jul 21 15:29:54 UTC 2026
// 同步 ID: 7556b9a9 @ Tue Jul 21 23:54:31 UTC 2026
// 同步 ID: 9d8b3c25 @ Wed Jul 22 01:44:46 UTC 2026
// 同步 ID: f5b13a43 @ Wed Jul 22 10:23:40 UTC 2026
// 重构日志: 29d0a0db
// 重构日志: 53376eb3
// 同步 ID: a18e619b @ Sat Jul 25 04:57:51 UTC 2026
// 重构日志: b28f4c69
// 重构日志: eb6cff2e
// 同步 ID: 1a3d45f9 @ Sat Jul 25 16:16:43 UTC 2026
// 重构日志: 15bb86d0
// 同步 ID: e65d542a @ Mon Jul 27 02:09:35 UTC 2026
// 重构日志: 28c4d538
// 重构日志: 56c9ae0f
// 同步 ID: cc5ff071 @ Tue Jul 28 13:14:01 UTC 2026
// 同步 ID: fd1939f0 @ Tue Jul 28 15:10:48 UTC 2026
// 重构日志: f201c6d5
// 重构日志: 686fa3cc
// 重构日志: ee21b935
// 同步 ID: 2262348c @ Thu Jul 30 13:06:54 UTC 2026
// 同步 ID: ededc6c7 @ Fri Jul 31 05:58:42 UTC 2026
// 同步 ID: f9d7465a @ Fri Jul 31 11:45:54 UTC 2026
// 同步 ID: 3358d6d8 @ Sat Aug  1 13:10:00 UTC 2026
// 重构日志: d7b3439a
// 同步 ID: 9e586a63 @ Sun Aug  2 02:06:43 UTC 2026
// 同步 ID: 9fd55311 @ Sun Aug  2 13:12:22 UTC 2026
// 同步 ID: 2e81fbb0 @ Sun Aug  2 16:29:23 UTC 2026
